// Jest Snapshot v1, https://goo.gl/fbAQLP

exports[`[Page Component] AddPost Renders correctly 1`] = `
ShallowWrapper {
  Symbol(enzyme.__root__): [Circular],
  Symbol(enzyme.__unrendered__): <AddPost />,
  Symbol(enzyme.__renderer__): Object {
    "batchedUpdates": [Function],
    "getNode": [Function],
    "render": [Function],
    "simulateError": [Function],
    "simulateEvent": [Function],
    "unmount": [Function],
  },
  Symbol(enzyme.__node__): Object {
    "instance": null,
    "key": undefined,
    "nodeType": "host",
    "props": Object {
      "children": Array [
        <Head
          description="Aqui, você poderá criar e gerenciar facilmente tópicos para compartilhar com o comunidade! Incluímos alguns dos tópicos mais usados, para que você possa se divertir com eles!"
          img="/img/group-bottom.png"
          project="Udacity - Leitura"
/>,
        <withRouter(Connect(AddPostContainer)) />,
        <Footer
          project="Udacity - Leitura"
/>,
      ],
    },
    "ref": null,
    "rendered": Array [
      Object {
        "instance": null,
        "key": undefined,
        "nodeType": "function",
        "props": Object {
          "description": "Aqui, você poderá criar e gerenciar facilmente tópicos para compartilhar com o comunidade! Incluímos alguns dos tópicos mais usados, para que você possa se divertir com eles!",
          "img": "/img/group-bottom.png",
          "project": "Udacity - Leitura",
        },
        "ref": null,
        "rendered": null,
        "type": [Function],
      },
      Object {
        "instance": null,
        "key": undefined,
        "nodeType": "function",
        "props": Object {},
        "ref": null,
        "rendered": null,
        "type": [Function],
      },
      Object {
        "instance": null,
        "key": undefined,
        "nodeType": "function",
        "props": Object {
          "project": "Udacity - Leitura",
        },
        "ref": null,
        "rendered": null,
        "type": [Function],
      },
    ],
    "type": "div",
  },
  Symbol(enzyme.__nodes__): Array [
    Object {
      "instance": null,
      "key": undefined,
      "nodeType": "host",
      "props": Object {
        "children": Array [
          <Head
            description="Aqui, você poderá criar e gerenciar facilmente tópicos para compartilhar com o comunidade! Incluímos alguns dos tópicos mais usados, para que você possa se divertir com eles!"
            img="/img/group-bottom.png"
            project="Udacity - Leitura"
/>,
          <withRouter(Connect(AddPostContainer)) />,
          <Footer
            project="Udacity - Leitura"
/>,
        ],
      },
      "ref": null,
      "rendered": Array [
        Object {
          "instance": null,
          "key": undefined,
          "nodeType": "function",
          "props": Object {
            "description": "Aqui, você poderá criar e gerenciar facilmente tópicos para compartilhar com o comunidade! Incluímos alguns dos tópicos mais usados, para que você possa se divertir com eles!",
            "img": "/img/group-bottom.png",
            "project": "Udacity - Leitura",
          },
          "ref": null,
          "rendered": null,
          "type": [Function],
        },
        Object {
          "instance": null,
          "key": undefined,
          "nodeType": "function",
          "props": Object {},
          "ref": null,
          "rendered": null,
          "type": [Function],
        },
        Object {
          "instance": null,
          "key": undefined,
          "nodeType": "function",
          "props": Object {
            "project": "Udacity - Leitura",
          },
          "ref": null,
          "rendered": null,
          "type": [Function],
        },
      ],
      "type": "div",
    },
  ],
  Symbol(enzyme.__options__): Object {
    "adapter": ReactSixteenAdapter {
      "options": Object {
        "enableComponentDidUpdateOnSetState": true,
        "lifecycles": Object {
          "componentDidUpdate": Object {
            "onSetState": true,
          },
          "getDerivedStateFromProps": true,
          "getSnapshotBeforeUpdate": true,
          "setState": Object {
            "skipsComponentDidUpdateOnNullish": true,
          },
        },
      },
    },
  },
}
`;
