// Jest Snapshot v1, https://goo.gl/fbAQLP

exports[`[Page Component] Post Renders correctly 1`] = `
ShallowWrapper {
  Symbol(enzyme.__root__): [Circular],
  Symbol(enzyme.__unrendered__): <Post
    app={
        Object {
            "fetched": true,
            "loading": false,
          }
    }
    authUser={
        Object {
            "avatar": "udacity",
            "name": "Udacity",
          }
    }
    deletePost={[Function]}
    fetchPost={[Function]}
    match={
        Object {
            "params": Object {
              "id": "all",
            },
          }
    }
    post={
        Object {
            "author": "thingone",
            "body": "Não obstante, a crescente influência da mídia garante a contribuição de um grupo importante na determinação das condições financeiras e administrativas exigidas. Por outro lado, o comprometimento entre as equipes pode nos levar a considerar a reestruturação das diretrizes de desenvolvimento para o futuro. Assim mesmo, o entendimento das metas propostas agrega valor ao estabelecimento do sistema de participação geral. No mundo atual, a constante divulgação das informações promove a alavancagem dos modos de operação convencionais.
                Percebemos, cada vez mais, que o acompanhamento das preferências de consumo obstaculiza a apreciação da importância da gestão inovadora da qual fazemos parte. Todavia, o desenvolvimento contínuo de distintas formas de atuação assume importantes posições no estabelecimento das direções preferenciais no sentido do progresso. Nunca é demais lembrar o peso e o significado destes problemas, uma vez que a execução dos pontos do programa facilita a criação do remanejamento dos quadros funcionais. Gostaria de enfatizar que a percepção das dificuldades nos obriga à análise dos índices pretendidos.
        
                No entanto, não podemos esquecer que a adoção de políticas descentralizadoras oferece uma interessante oportunidade para verificação dos paradigmas corporativos. O empenho em analisar o julgamento imparcial das eventualidades acarreta um processo de reformulação e modernização do impacto na agilidade decisória. A nível organizacional, o desafiador cenário globalizado representa uma abertura para a melhoria de todos os recursos funcionais envolvidos. Por conseguinte, o início da atividade geral de formação de atitudes prepara-nos para enfrentar situações atípicas decorrentes dos relacionamentos verticais entre as hierarquias.
        
                Pensando mais a longo prazo, o fenômeno da Internet estende o alcance e a importância das condições inegavelmente apropriadas. Evidentemente, a hegemonia do ambiente político maximiza as possibilidades por conta do processo de comunicação como um todo. Ainda assim, existem dúvidas a respeito de como a expansão dos mercados mundiais talvez venha a ressaltar a relatividade do orçamento setorial.
        
                Do mesmo modo, a consulta aos diversos militantes aponta para a melhoria dos níveis de motivação departamental. Acima de tudo, é fundamental ressaltar que a estrutura atual da organização afeta positivamente a correta previsão do retorno esperado a longo prazo. Neste sentido, o novo modelo estrutural aqui preconizado cumpre um papel essencial na formulação das posturas dos órgãos dirigentes com relação às suas atribuições.
        
                É importante questionar o quanto a competitividade nas transações comerciais é uma das consequências de alternativas às soluções ortodoxas. Podemos já vislumbrar o modo pelo qual o surgimento do comércio virtual causa impacto indireto na reavaliação das formas de ação. O cuidado em identificar pontos críticos na necessidade de renovação processual não pode mais se dissociar dos procedimentos normalmente adotados. Desta maneira, a revolução dos costumes possibilita uma melhor visão global do sistema de formação de quadros que corresponde às necessidades.
            ",
            "category": "react",
            "commentCount": 2,
            "deleted": false,
            "id": "8xf0y6ziyjabvozdd253nd",
            "reactions": Array [
              Object {
                "name": "thingtwo",
                "option": "zumbi",
              },
              Object {
                "name": "jorge",
                "option": "zumbi",
              },
              Object {
                "name": "carlos",
                "option": "bravo",
              },
              Object {
                "name": "joao",
                "option": "careta",
              },
            ],
            "timestamp": 1538352601,
            "title": "Udacity is the best place to learn React",
            "votes": Array [
              Object {
                "name": "carlos",
                "option": "upVote",
                "value": 1,
              },
              Object {
                "name": "andre",
                "option": "upVote",
                "value": 1,
              },
            ],
          }
    }
    reactPost={[Function]}
    votePost={[Function]}
/>,
  Symbol(enzyme.__renderer__): Object {
    "batchedUpdates": [Function],
    "getNode": [Function],
    "render": [Function],
    "simulateError": [Function],
    "simulateEvent": [Function],
    "unmount": [Function],
  },
  Symbol(enzyme.__node__): Object {
    "instance": null,
    "key": undefined,
    "nodeType": "host",
    "props": Object {
      "children": Array [
        <Head
          description="Bem vindos ao Udacity Leitura, onde podemos discutir assuntos variados com uma gama enorme de pessoas"
          img="/img/blog_bottom.png"
          project="Udacity - Leitura"
/>,
        false,
        <div
          className="container negative-margin-top50"
>
          <div
                    className="col col-xl-8 m-auto col-lg-12 col-md-12 col-sm-12 col-12"
          >
                    <Unknown>
                              <PostDetail
                                        authUser={
                                                  Object {
                                                            "avatar": "udacity",
                                                            "name": "Udacity",
                                                          }
                                        }
                                        onDeletePost={[Function]}
                                        onReactPost={[Function]}
                                        onVoteComment={[Function]}
                                        onVotePost={[Function]}
                                        post={
                                                  Object {
                                                            "author": "thingone",
                                                            "body": "Não obstante, a crescente influência da mídia garante a contribuição de um grupo importante na determinação das condições financeiras e administrativas exigidas. Por outro lado, o comprometimento entre as equipes pode nos levar a considerar a reestruturação das diretrizes de desenvolvimento para o futuro. Assim mesmo, o entendimento das metas propostas agrega valor ao estabelecimento do sistema de participação geral. No mundo atual, a constante divulgação das informações promove a alavancagem dos modos de operação convencionais.
                                                          Percebemos, cada vez mais, que o acompanhamento das preferências de consumo obstaculiza a apreciação da importância da gestão inovadora da qual fazemos parte. Todavia, o desenvolvimento contínuo de distintas formas de atuação assume importantes posições no estabelecimento das direções preferenciais no sentido do progresso. Nunca é demais lembrar o peso e o significado destes problemas, uma vez que a execução dos pontos do programa facilita a criação do remanejamento dos quadros funcionais. Gostaria de enfatizar que a percepção das dificuldades nos obriga à análise dos índices pretendidos.
                                                  
                                                          No entanto, não podemos esquecer que a adoção de políticas descentralizadoras oferece uma interessante oportunidade para verificação dos paradigmas corporativos. O empenho em analisar o julgamento imparcial das eventualidades acarreta um processo de reformulação e modernização do impacto na agilidade decisória. A nível organizacional, o desafiador cenário globalizado representa uma abertura para a melhoria de todos os recursos funcionais envolvidos. Por conseguinte, o início da atividade geral de formação de atitudes prepara-nos para enfrentar situações atípicas decorrentes dos relacionamentos verticais entre as hierarquias.
                                                  
                                                          Pensando mais a longo prazo, o fenômeno da Internet estende o alcance e a importância das condições inegavelmente apropriadas. Evidentemente, a hegemonia do ambiente político maximiza as possibilidades por conta do processo de comunicação como um todo. Ainda assim, existem dúvidas a respeito de como a expansão dos mercados mundiais talvez venha a ressaltar a relatividade do orçamento setorial.
                                                  
                                                          Do mesmo modo, a consulta aos diversos militantes aponta para a melhoria dos níveis de motivação departamental. Acima de tudo, é fundamental ressaltar que a estrutura atual da organização afeta positivamente a correta previsão do retorno esperado a longo prazo. Neste sentido, o novo modelo estrutural aqui preconizado cumpre um papel essencial na formulação das posturas dos órgãos dirigentes com relação às suas atribuições.
                                                  
                                                          É importante questionar o quanto a competitividade nas transações comerciais é uma das consequências de alternativas às soluções ortodoxas. Podemos já vislumbrar o modo pelo qual o surgimento do comércio virtual causa impacto indireto na reavaliação das formas de ação. O cuidado em identificar pontos críticos na necessidade de renovação processual não pode mais se dissociar dos procedimentos normalmente adotados. Desta maneira, a revolução dos costumes possibilita uma melhor visão global do sistema de formação de quadros que corresponde às necessidades.
                                                      ",
                                                            "category": "react",
                                                            "commentCount": 2,
                                                            "deleted": false,
                                                            "id": "8xf0y6ziyjabvozdd253nd",
                                                            "reactions": Array [
                                                              Object {
                                                                "name": "thingtwo",
                                                                "option": "zumbi",
                                                              },
                                                              Object {
                                                                "name": "jorge",
                                                                "option": "zumbi",
                                                              },
                                                              Object {
                                                                "name": "carlos",
                                                                "option": "bravo",
                                                              },
                                                              Object {
                                                                "name": "joao",
                                                                "option": "careta",
                                                              },
                                                            ],
                                                            "timestamp": 1538352601,
                                                            "title": "Udacity is the best place to learn React",
                                                            "votes": Array [
                                                              Object {
                                                                "name": "carlos",
                                                                "option": "upVote",
                                                                "value": 1,
                                                              },
                                                              Object {
                                                                "name": "andre",
                                                                "option": "upVote",
                                                                "value": 1,
                                                              },
                                                            ],
                                                          }
                                        }
                              />
                              <withRouter(Connect(CommentContainer))
                                        postId="8xf0y6ziyjabvozdd253nd"
                                        user={
                                                  Object {
                                                            "avatar": "udacity",
                                                            "name": "Udacity",
                                                          }
                                        }
                              />
                    </Unknown>
          </div>
</div>,
        <AddPostButton />,
        <Footer
          project="Udacity - Leitura"
/>,
      ],
    },
    "ref": null,
    "rendered": Array [
      Object {
        "instance": null,
        "key": undefined,
        "nodeType": "function",
        "props": Object {
          "description": "Bem vindos ao Udacity Leitura, onde podemos discutir assuntos variados com uma gama enorme de pessoas",
          "img": "/img/blog_bottom.png",
          "project": "Udacity - Leitura",
        },
        "ref": null,
        "rendered": null,
        "type": [Function],
      },
      false,
      Object {
        "instance": null,
        "key": undefined,
        "nodeType": "host",
        "props": Object {
          "children": <div
            className="col col-xl-8 m-auto col-lg-12 col-md-12 col-sm-12 col-12"
>
            <Unknown>
                        <PostDetail
                                    authUser={
                                                Object {
                                                            "avatar": "udacity",
                                                            "name": "Udacity",
                                                          }
                                    }
                                    onDeletePost={[Function]}
                                    onReactPost={[Function]}
                                    onVoteComment={[Function]}
                                    onVotePost={[Function]}
                                    post={
                                                Object {
                                                            "author": "thingone",
                                                            "body": "Não obstante, a crescente influência da mídia garante a contribuição de um grupo importante na determinação das condições financeiras e administrativas exigidas. Por outro lado, o comprometimento entre as equipes pode nos levar a considerar a reestruturação das diretrizes de desenvolvimento para o futuro. Assim mesmo, o entendimento das metas propostas agrega valor ao estabelecimento do sistema de participação geral. No mundo atual, a constante divulgação das informações promove a alavancagem dos modos de operação convencionais.
                                                        Percebemos, cada vez mais, que o acompanhamento das preferências de consumo obstaculiza a apreciação da importância da gestão inovadora da qual fazemos parte. Todavia, o desenvolvimento contínuo de distintas formas de atuação assume importantes posições no estabelecimento das direções preferenciais no sentido do progresso. Nunca é demais lembrar o peso e o significado destes problemas, uma vez que a execução dos pontos do programa facilita a criação do remanejamento dos quadros funcionais. Gostaria de enfatizar que a percepção das dificuldades nos obriga à análise dos índices pretendidos.
                                                
                                                        No entanto, não podemos esquecer que a adoção de políticas descentralizadoras oferece uma interessante oportunidade para verificação dos paradigmas corporativos. O empenho em analisar o julgamento imparcial das eventualidades acarreta um processo de reformulação e modernização do impacto na agilidade decisória. A nível organizacional, o desafiador cenário globalizado representa uma abertura para a melhoria de todos os recursos funcionais envolvidos. Por conseguinte, o início da atividade geral de formação de atitudes prepara-nos para enfrentar situações atípicas decorrentes dos relacionamentos verticais entre as hierarquias.
                                                
                                                        Pensando mais a longo prazo, o fenômeno da Internet estende o alcance e a importância das condições inegavelmente apropriadas. Evidentemente, a hegemonia do ambiente político maximiza as possibilidades por conta do processo de comunicação como um todo. Ainda assim, existem dúvidas a respeito de como a expansão dos mercados mundiais talvez venha a ressaltar a relatividade do orçamento setorial.
                                                
                                                        Do mesmo modo, a consulta aos diversos militantes aponta para a melhoria dos níveis de motivação departamental. Acima de tudo, é fundamental ressaltar que a estrutura atual da organização afeta positivamente a correta previsão do retorno esperado a longo prazo. Neste sentido, o novo modelo estrutural aqui preconizado cumpre um papel essencial na formulação das posturas dos órgãos dirigentes com relação às suas atribuições.
                                                
                                                        É importante questionar o quanto a competitividade nas transações comerciais é uma das consequências de alternativas às soluções ortodoxas. Podemos já vislumbrar o modo pelo qual o surgimento do comércio virtual causa impacto indireto na reavaliação das formas de ação. O cuidado em identificar pontos críticos na necessidade de renovação processual não pode mais se dissociar dos procedimentos normalmente adotados. Desta maneira, a revolução dos costumes possibilita uma melhor visão global do sistema de formação de quadros que corresponde às necessidades.
                                                    ",
                                                            "category": "react",
                                                            "commentCount": 2,
                                                            "deleted": false,
                                                            "id": "8xf0y6ziyjabvozdd253nd",
                                                            "reactions": Array [
                                                              Object {
                                                                "name": "thingtwo",
                                                                "option": "zumbi",
                                                              },
                                                              Object {
                                                                "name": "jorge",
                                                                "option": "zumbi",
                                                              },
                                                              Object {
                                                                "name": "carlos",
                                                                "option": "bravo",
                                                              },
                                                              Object {
                                                                "name": "joao",
                                                                "option": "careta",
                                                              },
                                                            ],
                                                            "timestamp": 1538352601,
                                                            "title": "Udacity is the best place to learn React",
                                                            "votes": Array [
                                                              Object {
                                                                "name": "carlos",
                                                                "option": "upVote",
                                                                "value": 1,
                                                              },
                                                              Object {
                                                                "name": "andre",
                                                                "option": "upVote",
                                                                "value": 1,
                                                              },
                                                            ],
                                                          }
                                    }
                        />
                        <withRouter(Connect(CommentContainer))
                                    postId="8xf0y6ziyjabvozdd253nd"
                                    user={
                                                Object {
                                                            "avatar": "udacity",
                                                            "name": "Udacity",
                                                          }
                                    }
                        />
            </Unknown>
</div>,
          "className": "container negative-margin-top50",
        },
        "ref": null,
        "rendered": Object {
          "instance": null,
          "key": undefined,
          "nodeType": "host",
          "props": Object {
            "children": Array [
              false,
              <Unknown>
                <PostDetail
                                authUser={
                                                Object {
                                                                "avatar": "udacity",
                                                                "name": "Udacity",
                                                              }
                                }
                                onDeletePost={[Function]}
                                onReactPost={[Function]}
                                onVoteComment={[Function]}
                                onVotePost={[Function]}
                                post={
                                                Object {
                                                                "author": "thingone",
                                                                "body": "Não obstante, a crescente influência da mídia garante a contribuição de um grupo importante na determinação das condições financeiras e administrativas exigidas. Por outro lado, o comprometimento entre as equipes pode nos levar a considerar a reestruturação das diretrizes de desenvolvimento para o futuro. Assim mesmo, o entendimento das metas propostas agrega valor ao estabelecimento do sistema de participação geral. No mundo atual, a constante divulgação das informações promove a alavancagem dos modos de operação convencionais.
                                                        Percebemos, cada vez mais, que o acompanhamento das preferências de consumo obstaculiza a apreciação da importância da gestão inovadora da qual fazemos parte. Todavia, o desenvolvimento contínuo de distintas formas de atuação assume importantes posições no estabelecimento das direções preferenciais no sentido do progresso. Nunca é demais lembrar o peso e o significado destes problemas, uma vez que a execução dos pontos do programa facilita a criação do remanejamento dos quadros funcionais. Gostaria de enfatizar que a percepção das dificuldades nos obriga à análise dos índices pretendidos.
                                                
                                                        No entanto, não podemos esquecer que a adoção de políticas descentralizadoras oferece uma interessante oportunidade para verificação dos paradigmas corporativos. O empenho em analisar o julgamento imparcial das eventualidades acarreta um processo de reformulação e modernização do impacto na agilidade decisória. A nível organizacional, o desafiador cenário globalizado representa uma abertura para a melhoria de todos os recursos funcionais envolvidos. Por conseguinte, o início da atividade geral de formação de atitudes prepara-nos para enfrentar situações atípicas decorrentes dos relacionamentos verticais entre as hierarquias.
                                                
                                                        Pensando mais a longo prazo, o fenômeno da Internet estende o alcance e a importância das condições inegavelmente apropriadas. Evidentemente, a hegemonia do ambiente político maximiza as possibilidades por conta do processo de comunicação como um todo. Ainda assim, existem dúvidas a respeito de como a expansão dos mercados mundiais talvez venha a ressaltar a relatividade do orçamento setorial.
                                                
                                                        Do mesmo modo, a consulta aos diversos militantes aponta para a melhoria dos níveis de motivação departamental. Acima de tudo, é fundamental ressaltar que a estrutura atual da organização afeta positivamente a correta previsão do retorno esperado a longo prazo. Neste sentido, o novo modelo estrutural aqui preconizado cumpre um papel essencial na formulação das posturas dos órgãos dirigentes com relação às suas atribuições.
                                                
                                                        É importante questionar o quanto a competitividade nas transações comerciais é uma das consequências de alternativas às soluções ortodoxas. Podemos já vislumbrar o modo pelo qual o surgimento do comércio virtual causa impacto indireto na reavaliação das formas de ação. O cuidado em identificar pontos críticos na necessidade de renovação processual não pode mais se dissociar dos procedimentos normalmente adotados. Desta maneira, a revolução dos costumes possibilita uma melhor visão global do sistema de formação de quadros que corresponde às necessidades.
                                                    ",
                                                                "category": "react",
                                                                "commentCount": 2,
                                                                "deleted": false,
                                                                "id": "8xf0y6ziyjabvozdd253nd",
                                                                "reactions": Array [
                                                                  Object {
                                                                    "name": "thingtwo",
                                                                    "option": "zumbi",
                                                                  },
                                                                  Object {
                                                                    "name": "jorge",
                                                                    "option": "zumbi",
                                                                  },
                                                                  Object {
                                                                    "name": "carlos",
                                                                    "option": "bravo",
                                                                  },
                                                                  Object {
                                                                    "name": "joao",
                                                                    "option": "careta",
                                                                  },
                                                                ],
                                                                "timestamp": 1538352601,
                                                                "title": "Udacity is the best place to learn React",
                                                                "votes": Array [
                                                                  Object {
                                                                    "name": "carlos",
                                                                    "option": "upVote",
                                                                    "value": 1,
                                                                  },
                                                                  Object {
                                                                    "name": "andre",
                                                                    "option": "upVote",
                                                                    "value": 1,
                                                                  },
                                                                ],
                                                              }
                                }
                />
                <withRouter(Connect(CommentContainer))
                                postId="8xf0y6ziyjabvozdd253nd"
                                user={
                                                Object {
                                                                "avatar": "udacity",
                                                                "name": "Udacity",
                                                              }
                                }
                />
</Unknown>,
            ],
            "className": "col col-xl-8 m-auto col-lg-12 col-md-12 col-sm-12 col-12",
          },
          "ref": null,
          "rendered": Array [
            false,
            Object {
              "instance": null,
              "key": undefined,
              "nodeType": "function",
              "props": Object {
                "children": Array [
                  <PostDetail
                    authUser={
                                        Object {
                                                            "avatar": "udacity",
                                                            "name": "Udacity",
                                                          }
                    }
                    onDeletePost={[Function]}
                    onReactPost={[Function]}
                    onVoteComment={[Function]}
                    onVotePost={[Function]}
                    post={
                                        Object {
                                                            "author": "thingone",
                                                            "body": "Não obstante, a crescente influência da mídia garante a contribuição de um grupo importante na determinação das condições financeiras e administrativas exigidas. Por outro lado, o comprometimento entre as equipes pode nos levar a considerar a reestruturação das diretrizes de desenvolvimento para o futuro. Assim mesmo, o entendimento das metas propostas agrega valor ao estabelecimento do sistema de participação geral. No mundo atual, a constante divulgação das informações promove a alavancagem dos modos de operação convencionais.
                                                Percebemos, cada vez mais, que o acompanhamento das preferências de consumo obstaculiza a apreciação da importância da gestão inovadora da qual fazemos parte. Todavia, o desenvolvimento contínuo de distintas formas de atuação assume importantes posições no estabelecimento das direções preferenciais no sentido do progresso. Nunca é demais lembrar o peso e o significado destes problemas, uma vez que a execução dos pontos do programa facilita a criação do remanejamento dos quadros funcionais. Gostaria de enfatizar que a percepção das dificuldades nos obriga à análise dos índices pretendidos.
                                        
                                                No entanto, não podemos esquecer que a adoção de políticas descentralizadoras oferece uma interessante oportunidade para verificação dos paradigmas corporativos. O empenho em analisar o julgamento imparcial das eventualidades acarreta um processo de reformulação e modernização do impacto na agilidade decisória. A nível organizacional, o desafiador cenário globalizado representa uma abertura para a melhoria de todos os recursos funcionais envolvidos. Por conseguinte, o início da atividade geral de formação de atitudes prepara-nos para enfrentar situações atípicas decorrentes dos relacionamentos verticais entre as hierarquias.
                                        
                                                Pensando mais a longo prazo, o fenômeno da Internet estende o alcance e a importância das condições inegavelmente apropriadas. Evidentemente, a hegemonia do ambiente político maximiza as possibilidades por conta do processo de comunicação como um todo. Ainda assim, existem dúvidas a respeito de como a expansão dos mercados mundiais talvez venha a ressaltar a relatividade do orçamento setorial.
                                        
                                                Do mesmo modo, a consulta aos diversos militantes aponta para a melhoria dos níveis de motivação departamental. Acima de tudo, é fundamental ressaltar que a estrutura atual da organização afeta positivamente a correta previsão do retorno esperado a longo prazo. Neste sentido, o novo modelo estrutural aqui preconizado cumpre um papel essencial na formulação das posturas dos órgãos dirigentes com relação às suas atribuições.
                                        
                                                É importante questionar o quanto a competitividade nas transações comerciais é uma das consequências de alternativas às soluções ortodoxas. Podemos já vislumbrar o modo pelo qual o surgimento do comércio virtual causa impacto indireto na reavaliação das formas de ação. O cuidado em identificar pontos críticos na necessidade de renovação processual não pode mais se dissociar dos procedimentos normalmente adotados. Desta maneira, a revolução dos costumes possibilita uma melhor visão global do sistema de formação de quadros que corresponde às necessidades.
                                            ",
                                                            "category": "react",
                                                            "commentCount": 2,
                                                            "deleted": false,
                                                            "id": "8xf0y6ziyjabvozdd253nd",
                                                            "reactions": Array [
                                                              Object {
                                                                "name": "thingtwo",
                                                                "option": "zumbi",
                                                              },
                                                              Object {
                                                                "name": "jorge",
                                                                "option": "zumbi",
                                                              },
                                                              Object {
                                                                "name": "carlos",
                                                                "option": "bravo",
                                                              },
                                                              Object {
                                                                "name": "joao",
                                                                "option": "careta",
                                                              },
                                                            ],
                                                            "timestamp": 1538352601,
                                                            "title": "Udacity is the best place to learn React",
                                                            "votes": Array [
                                                              Object {
                                                                "name": "carlos",
                                                                "option": "upVote",
                                                                "value": 1,
                                                              },
                                                              Object {
                                                                "name": "andre",
                                                                "option": "upVote",
                                                                "value": 1,
                                                              },
                                                            ],
                                                          }
                    }
/>,
                  <withRouter(Connect(CommentContainer))
                    postId="8xf0y6ziyjabvozdd253nd"
                    user={
                                        Object {
                                                            "avatar": "udacity",
                                                            "name": "Udacity",
                                                          }
                    }
/>,
                ],
              },
              "ref": null,
              "rendered": Array [
                Object {
                  "instance": null,
                  "key": undefined,
                  "nodeType": "class",
                  "props": Object {
                    "authUser": Object {
                      "avatar": "udacity",
                      "name": "Udacity",
                    },
                    "onDeletePost": [Function],
                    "onReactPost": [Function],
                    "onVoteComment": [Function],
                    "onVotePost": [Function],
                    "post": Object {
                      "author": "thingone",
                      "body": "Não obstante, a crescente influência da mídia garante a contribuição de um grupo importante na determinação das condições financeiras e administrativas exigidas. Por outro lado, o comprometimento entre as equipes pode nos levar a considerar a reestruturação das diretrizes de desenvolvimento para o futuro. Assim mesmo, o entendimento das metas propostas agrega valor ao estabelecimento do sistema de participação geral. No mundo atual, a constante divulgação das informações promove a alavancagem dos modos de operação convencionais.
        Percebemos, cada vez mais, que o acompanhamento das preferências de consumo obstaculiza a apreciação da importância da gestão inovadora da qual fazemos parte. Todavia, o desenvolvimento contínuo de distintas formas de atuação assume importantes posições no estabelecimento das direções preferenciais no sentido do progresso. Nunca é demais lembrar o peso e o significado destes problemas, uma vez que a execução dos pontos do programa facilita a criação do remanejamento dos quadros funcionais. Gostaria de enfatizar que a percepção das dificuldades nos obriga à análise dos índices pretendidos.

        No entanto, não podemos esquecer que a adoção de políticas descentralizadoras oferece uma interessante oportunidade para verificação dos paradigmas corporativos. O empenho em analisar o julgamento imparcial das eventualidades acarreta um processo de reformulação e modernização do impacto na agilidade decisória. A nível organizacional, o desafiador cenário globalizado representa uma abertura para a melhoria de todos os recursos funcionais envolvidos. Por conseguinte, o início da atividade geral de formação de atitudes prepara-nos para enfrentar situações atípicas decorrentes dos relacionamentos verticais entre as hierarquias.

        Pensando mais a longo prazo, o fenômeno da Internet estende o alcance e a importância das condições inegavelmente apropriadas. Evidentemente, a hegemonia do ambiente político maximiza as possibilidades por conta do processo de comunicação como um todo. Ainda assim, existem dúvidas a respeito de como a expansão dos mercados mundiais talvez venha a ressaltar a relatividade do orçamento setorial.

        Do mesmo modo, a consulta aos diversos militantes aponta para a melhoria dos níveis de motivação departamental. Acima de tudo, é fundamental ressaltar que a estrutura atual da organização afeta positivamente a correta previsão do retorno esperado a longo prazo. Neste sentido, o novo modelo estrutural aqui preconizado cumpre um papel essencial na formulação das posturas dos órgãos dirigentes com relação às suas atribuições.

        É importante questionar o quanto a competitividade nas transações comerciais é uma das consequências de alternativas às soluções ortodoxas. Podemos já vislumbrar o modo pelo qual o surgimento do comércio virtual causa impacto indireto na reavaliação das formas de ação. O cuidado em identificar pontos críticos na necessidade de renovação processual não pode mais se dissociar dos procedimentos normalmente adotados. Desta maneira, a revolução dos costumes possibilita uma melhor visão global do sistema de formação de quadros que corresponde às necessidades.
    ",
                      "category": "react",
                      "commentCount": 2,
                      "deleted": false,
                      "id": "8xf0y6ziyjabvozdd253nd",
                      "reactions": Array [
                        Object {
                          "name": "thingtwo",
                          "option": "zumbi",
                        },
                        Object {
                          "name": "jorge",
                          "option": "zumbi",
                        },
                        Object {
                          "name": "carlos",
                          "option": "bravo",
                        },
                        Object {
                          "name": "joao",
                          "option": "careta",
                        },
                      ],
                      "timestamp": 1538352601,
                      "title": "Udacity is the best place to learn React",
                      "votes": Array [
                        Object {
                          "name": "carlos",
                          "option": "upVote",
                          "value": 1,
                        },
                        Object {
                          "name": "andre",
                          "option": "upVote",
                          "value": 1,
                        },
                      ],
                    },
                  },
                  "ref": null,
                  "rendered": null,
                  "type": [Function],
                },
                Object {
                  "instance": null,
                  "key": undefined,
                  "nodeType": "function",
                  "props": Object {
                    "postId": "8xf0y6ziyjabvozdd253nd",
                    "user": Object {
                      "avatar": "udacity",
                      "name": "Udacity",
                    },
                  },
                  "ref": null,
                  "rendered": null,
                  "type": [Function],
                },
              ],
              "type": Symbol(react.fragment),
            },
          ],
          "type": "div",
        },
        "type": "div",
      },
      Object {
        "instance": null,
        "key": undefined,
        "nodeType": "function",
        "props": Object {},
        "ref": null,
        "rendered": null,
        "type": [Function],
      },
      Object {
        "instance": null,
        "key": undefined,
        "nodeType": "function",
        "props": Object {
          "project": "Udacity - Leitura",
        },
        "ref": null,
        "rendered": null,
        "type": [Function],
      },
    ],
    "type": "div",
  },
  Symbol(enzyme.__nodes__): Array [
    Object {
      "instance": null,
      "key": undefined,
      "nodeType": "host",
      "props": Object {
        "children": Array [
          <Head
            description="Bem vindos ao Udacity Leitura, onde podemos discutir assuntos variados com uma gama enorme de pessoas"
            img="/img/blog_bottom.png"
            project="Udacity - Leitura"
/>,
          false,
          <div
            className="container negative-margin-top50"
>
            <div
                        className="col col-xl-8 m-auto col-lg-12 col-md-12 col-sm-12 col-12"
            >
                        <Unknown>
                                    <PostDetail
                                                authUser={
                                                            Object {
                                                                        "avatar": "udacity",
                                                                        "name": "Udacity",
                                                                      }
                                                }
                                                onDeletePost={[Function]}
                                                onReactPost={[Function]}
                                                onVoteComment={[Function]}
                                                onVotePost={[Function]}
                                                post={
                                                            Object {
                                                                        "author": "thingone",
                                                                        "body": "Não obstante, a crescente influência da mídia garante a contribuição de um grupo importante na determinação das condições financeiras e administrativas exigidas. Por outro lado, o comprometimento entre as equipes pode nos levar a considerar a reestruturação das diretrizes de desenvolvimento para o futuro. Assim mesmo, o entendimento das metas propostas agrega valor ao estabelecimento do sistema de participação geral. No mundo atual, a constante divulgação das informações promove a alavancagem dos modos de operação convencionais.
                                                                    Percebemos, cada vez mais, que o acompanhamento das preferências de consumo obstaculiza a apreciação da importância da gestão inovadora da qual fazemos parte. Todavia, o desenvolvimento contínuo de distintas formas de atuação assume importantes posições no estabelecimento das direções preferenciais no sentido do progresso. Nunca é demais lembrar o peso e o significado destes problemas, uma vez que a execução dos pontos do programa facilita a criação do remanejamento dos quadros funcionais. Gostaria de enfatizar que a percepção das dificuldades nos obriga à análise dos índices pretendidos.
                                                            
                                                                    No entanto, não podemos esquecer que a adoção de políticas descentralizadoras oferece uma interessante oportunidade para verificação dos paradigmas corporativos. O empenho em analisar o julgamento imparcial das eventualidades acarreta um processo de reformulação e modernização do impacto na agilidade decisória. A nível organizacional, o desafiador cenário globalizado representa uma abertura para a melhoria de todos os recursos funcionais envolvidos. Por conseguinte, o início da atividade geral de formação de atitudes prepara-nos para enfrentar situações atípicas decorrentes dos relacionamentos verticais entre as hierarquias.
                                                            
                                                                    Pensando mais a longo prazo, o fenômeno da Internet estende o alcance e a importância das condições inegavelmente apropriadas. Evidentemente, a hegemonia do ambiente político maximiza as possibilidades por conta do processo de comunicação como um todo. Ainda assim, existem dúvidas a respeito de como a expansão dos mercados mundiais talvez venha a ressaltar a relatividade do orçamento setorial.
                                                            
                                                                    Do mesmo modo, a consulta aos diversos militantes aponta para a melhoria dos níveis de motivação departamental. Acima de tudo, é fundamental ressaltar que a estrutura atual da organização afeta positivamente a correta previsão do retorno esperado a longo prazo. Neste sentido, o novo modelo estrutural aqui preconizado cumpre um papel essencial na formulação das posturas dos órgãos dirigentes com relação às suas atribuições.
                                                            
                                                                    É importante questionar o quanto a competitividade nas transações comerciais é uma das consequências de alternativas às soluções ortodoxas. Podemos já vislumbrar o modo pelo qual o surgimento do comércio virtual causa impacto indireto na reavaliação das formas de ação. O cuidado em identificar pontos críticos na necessidade de renovação processual não pode mais se dissociar dos procedimentos normalmente adotados. Desta maneira, a revolução dos costumes possibilita uma melhor visão global do sistema de formação de quadros que corresponde às necessidades.
                                                                ",
                                                                        "category": "react",
                                                                        "commentCount": 2,
                                                                        "deleted": false,
                                                                        "id": "8xf0y6ziyjabvozdd253nd",
                                                                        "reactions": Array [
                                                                          Object {
                                                                            "name": "thingtwo",
                                                                            "option": "zumbi",
                                                                          },
                                                                          Object {
                                                                            "name": "jorge",
                                                                            "option": "zumbi",
                                                                          },
                                                                          Object {
                                                                            "name": "carlos",
                                                                            "option": "bravo",
                                                                          },
                                                                          Object {
                                                                            "name": "joao",
                                                                            "option": "careta",
                                                                          },
                                                                        ],
                                                                        "timestamp": 1538352601,
                                                                        "title": "Udacity is the best place to learn React",
                                                                        "votes": Array [
                                                                          Object {
                                                                            "name": "carlos",
                                                                            "option": "upVote",
                                                                            "value": 1,
                                                                          },
                                                                          Object {
                                                                            "name": "andre",
                                                                            "option": "upVote",
                                                                            "value": 1,
                                                                          },
                                                                        ],
                                                                      }
                                                }
                                    />
                                    <withRouter(Connect(CommentContainer))
                                                postId="8xf0y6ziyjabvozdd253nd"
                                                user={
                                                            Object {
                                                                        "avatar": "udacity",
                                                                        "name": "Udacity",
                                                                      }
                                                }
                                    />
                        </Unknown>
            </div>
</div>,
          <AddPostButton />,
          <Footer
            project="Udacity - Leitura"
/>,
        ],
      },
      "ref": null,
      "rendered": Array [
        Object {
          "instance": null,
          "key": undefined,
          "nodeType": "function",
          "props": Object {
            "description": "Bem vindos ao Udacity Leitura, onde podemos discutir assuntos variados com uma gama enorme de pessoas",
            "img": "/img/blog_bottom.png",
            "project": "Udacity - Leitura",
          },
          "ref": null,
          "rendered": null,
          "type": [Function],
        },
        false,
        Object {
          "instance": null,
          "key": undefined,
          "nodeType": "host",
          "props": Object {
            "children": <div
              className="col col-xl-8 m-auto col-lg-12 col-md-12 col-sm-12 col-12"
>
              <Unknown>
                            <PostDetail
                                          authUser={
                                                        Object {
                                                                      "avatar": "udacity",
                                                                      "name": "Udacity",
                                                                    }
                                          }
                                          onDeletePost={[Function]}
                                          onReactPost={[Function]}
                                          onVoteComment={[Function]}
                                          onVotePost={[Function]}
                                          post={
                                                        Object {
                                                                      "author": "thingone",
                                                                      "body": "Não obstante, a crescente influência da mídia garante a contribuição de um grupo importante na determinação das condições financeiras e administrativas exigidas. Por outro lado, o comprometimento entre as equipes pode nos levar a considerar a reestruturação das diretrizes de desenvolvimento para o futuro. Assim mesmo, o entendimento das metas propostas agrega valor ao estabelecimento do sistema de participação geral. No mundo atual, a constante divulgação das informações promove a alavancagem dos modos de operação convencionais.
                                                                Percebemos, cada vez mais, que o acompanhamento das preferências de consumo obstaculiza a apreciação da importância da gestão inovadora da qual fazemos parte. Todavia, o desenvolvimento contínuo de distintas formas de atuação assume importantes posições no estabelecimento das direções preferenciais no sentido do progresso. Nunca é demais lembrar o peso e o significado destes problemas, uma vez que a execução dos pontos do programa facilita a criação do remanejamento dos quadros funcionais. Gostaria de enfatizar que a percepção das dificuldades nos obriga à análise dos índices pretendidos.
                                                        
                                                                No entanto, não podemos esquecer que a adoção de políticas descentralizadoras oferece uma interessante oportunidade para verificação dos paradigmas corporativos. O empenho em analisar o julgamento imparcial das eventualidades acarreta um processo de reformulação e modernização do impacto na agilidade decisória. A nível organizacional, o desafiador cenário globalizado representa uma abertura para a melhoria de todos os recursos funcionais envolvidos. Por conseguinte, o início da atividade geral de formação de atitudes prepara-nos para enfrentar situações atípicas decorrentes dos relacionamentos verticais entre as hierarquias.
                                                        
                                                                Pensando mais a longo prazo, o fenômeno da Internet estende o alcance e a importância das condições inegavelmente apropriadas. Evidentemente, a hegemonia do ambiente político maximiza as possibilidades por conta do processo de comunicação como um todo. Ainda assim, existem dúvidas a respeito de como a expansão dos mercados mundiais talvez venha a ressaltar a relatividade do orçamento setorial.
                                                        
                                                                Do mesmo modo, a consulta aos diversos militantes aponta para a melhoria dos níveis de motivação departamental. Acima de tudo, é fundamental ressaltar que a estrutura atual da organização afeta positivamente a correta previsão do retorno esperado a longo prazo. Neste sentido, o novo modelo estrutural aqui preconizado cumpre um papel essencial na formulação das posturas dos órgãos dirigentes com relação às suas atribuições.
                                                        
                                                                É importante questionar o quanto a competitividade nas transações comerciais é uma das consequências de alternativas às soluções ortodoxas. Podemos já vislumbrar o modo pelo qual o surgimento do comércio virtual causa impacto indireto na reavaliação das formas de ação. O cuidado em identificar pontos críticos na necessidade de renovação processual não pode mais se dissociar dos procedimentos normalmente adotados. Desta maneira, a revolução dos costumes possibilita uma melhor visão global do sistema de formação de quadros que corresponde às necessidades.
                                                            ",
                                                                      "category": "react",
                                                                      "commentCount": 2,
                                                                      "deleted": false,
                                                                      "id": "8xf0y6ziyjabvozdd253nd",
                                                                      "reactions": Array [
                                                                        Object {
                                                                          "name": "thingtwo",
                                                                          "option": "zumbi",
                                                                        },
                                                                        Object {
                                                                          "name": "jorge",
                                                                          "option": "zumbi",
                                                                        },
                                                                        Object {
                                                                          "name": "carlos",
                                                                          "option": "bravo",
                                                                        },
                                                                        Object {
                                                                          "name": "joao",
                                                                          "option": "careta",
                                                                        },
                                                                      ],
                                                                      "timestamp": 1538352601,
                                                                      "title": "Udacity is the best place to learn React",
                                                                      "votes": Array [
                                                                        Object {
                                                                          "name": "carlos",
                                                                          "option": "upVote",
                                                                          "value": 1,
                                                                        },
                                                                        Object {
                                                                          "name": "andre",
                                                                          "option": "upVote",
                                                                          "value": 1,
                                                                        },
                                                                      ],
                                                                    }
                                          }
                            />
                            <withRouter(Connect(CommentContainer))
                                          postId="8xf0y6ziyjabvozdd253nd"
                                          user={
                                                        Object {
                                                                      "avatar": "udacity",
                                                                      "name": "Udacity",
                                                                    }
                                          }
                            />
              </Unknown>
</div>,
            "className": "container negative-margin-top50",
          },
          "ref": null,
          "rendered": Object {
            "instance": null,
            "key": undefined,
            "nodeType": "host",
            "props": Object {
              "children": Array [
                false,
                <Unknown>
                  <PostDetail
                                    authUser={
                                                      Object {
                                                                        "avatar": "udacity",
                                                                        "name": "Udacity",
                                                                      }
                                    }
                                    onDeletePost={[Function]}
                                    onReactPost={[Function]}
                                    onVoteComment={[Function]}
                                    onVotePost={[Function]}
                                    post={
                                                      Object {
                                                                        "author": "thingone",
                                                                        "body": "Não obstante, a crescente influência da mídia garante a contribuição de um grupo importante na determinação das condições financeiras e administrativas exigidas. Por outro lado, o comprometimento entre as equipes pode nos levar a considerar a reestruturação das diretrizes de desenvolvimento para o futuro. Assim mesmo, o entendimento das metas propostas agrega valor ao estabelecimento do sistema de participação geral. No mundo atual, a constante divulgação das informações promove a alavancagem dos modos de operação convencionais.
                                                              Percebemos, cada vez mais, que o acompanhamento das preferências de consumo obstaculiza a apreciação da importância da gestão inovadora da qual fazemos parte. Todavia, o desenvolvimento contínuo de distintas formas de atuação assume importantes posições no estabelecimento das direções preferenciais no sentido do progresso. Nunca é demais lembrar o peso e o significado destes problemas, uma vez que a execução dos pontos do programa facilita a criação do remanejamento dos quadros funcionais. Gostaria de enfatizar que a percepção das dificuldades nos obriga à análise dos índices pretendidos.
                                                      
                                                              No entanto, não podemos esquecer que a adoção de políticas descentralizadoras oferece uma interessante oportunidade para verificação dos paradigmas corporativos. O empenho em analisar o julgamento imparcial das eventualidades acarreta um processo de reformulação e modernização do impacto na agilidade decisória. A nível organizacional, o desafiador cenário globalizado representa uma abertura para a melhoria de todos os recursos funcionais envolvidos. Por conseguinte, o início da atividade geral de formação de atitudes prepara-nos para enfrentar situações atípicas decorrentes dos relacionamentos verticais entre as hierarquias.
                                                      
                                                              Pensando mais a longo prazo, o fenômeno da Internet estende o alcance e a importância das condições inegavelmente apropriadas. Evidentemente, a hegemonia do ambiente político maximiza as possibilidades por conta do processo de comunicação como um todo. Ainda assim, existem dúvidas a respeito de como a expansão dos mercados mundiais talvez venha a ressaltar a relatividade do orçamento setorial.
                                                      
                                                              Do mesmo modo, a consulta aos diversos militantes aponta para a melhoria dos níveis de motivação departamental. Acima de tudo, é fundamental ressaltar que a estrutura atual da organização afeta positivamente a correta previsão do retorno esperado a longo prazo. Neste sentido, o novo modelo estrutural aqui preconizado cumpre um papel essencial na formulação das posturas dos órgãos dirigentes com relação às suas atribuições.
                                                      
                                                              É importante questionar o quanto a competitividade nas transações comerciais é uma das consequências de alternativas às soluções ortodoxas. Podemos já vislumbrar o modo pelo qual o surgimento do comércio virtual causa impacto indireto na reavaliação das formas de ação. O cuidado em identificar pontos críticos na necessidade de renovação processual não pode mais se dissociar dos procedimentos normalmente adotados. Desta maneira, a revolução dos costumes possibilita uma melhor visão global do sistema de formação de quadros que corresponde às necessidades.
                                                          ",
                                                                        "category": "react",
                                                                        "commentCount": 2,
                                                                        "deleted": false,
                                                                        "id": "8xf0y6ziyjabvozdd253nd",
                                                                        "reactions": Array [
                                                                          Object {
                                                                            "name": "thingtwo",
                                                                            "option": "zumbi",
                                                                          },
                                                                          Object {
                                                                            "name": "jorge",
                                                                            "option": "zumbi",
                                                                          },
                                                                          Object {
                                                                            "name": "carlos",
                                                                            "option": "bravo",
                                                                          },
                                                                          Object {
                                                                            "name": "joao",
                                                                            "option": "careta",
                                                                          },
                                                                        ],
                                                                        "timestamp": 1538352601,
                                                                        "title": "Udacity is the best place to learn React",
                                                                        "votes": Array [
                                                                          Object {
                                                                            "name": "carlos",
                                                                            "option": "upVote",
                                                                            "value": 1,
                                                                          },
                                                                          Object {
                                                                            "name": "andre",
                                                                            "option": "upVote",
                                                                            "value": 1,
                                                                          },
                                                                        ],
                                                                      }
                                    }
                  />
                  <withRouter(Connect(CommentContainer))
                                    postId="8xf0y6ziyjabvozdd253nd"
                                    user={
                                                      Object {
                                                                        "avatar": "udacity",
                                                                        "name": "Udacity",
                                                                      }
                                    }
                  />
</Unknown>,
              ],
              "className": "col col-xl-8 m-auto col-lg-12 col-md-12 col-sm-12 col-12",
            },
            "ref": null,
            "rendered": Array [
              false,
              Object {
                "instance": null,
                "key": undefined,
                "nodeType": "function",
                "props": Object {
                  "children": Array [
                    <PostDetail
                      authUser={
                                            Object {
                                                                  "avatar": "udacity",
                                                                  "name": "Udacity",
                                                                }
                      }
                      onDeletePost={[Function]}
                      onReactPost={[Function]}
                      onVoteComment={[Function]}
                      onVotePost={[Function]}
                      post={
                                            Object {
                                                                  "author": "thingone",
                                                                  "body": "Não obstante, a crescente influência da mídia garante a contribuição de um grupo importante na determinação das condições financeiras e administrativas exigidas. Por outro lado, o comprometimento entre as equipes pode nos levar a considerar a reestruturação das diretrizes de desenvolvimento para o futuro. Assim mesmo, o entendimento das metas propostas agrega valor ao estabelecimento do sistema de participação geral. No mundo atual, a constante divulgação das informações promove a alavancagem dos modos de operação convencionais.
                                                    Percebemos, cada vez mais, que o acompanhamento das preferências de consumo obstaculiza a apreciação da importância da gestão inovadora da qual fazemos parte. Todavia, o desenvolvimento contínuo de distintas formas de atuação assume importantes posições no estabelecimento das direções preferenciais no sentido do progresso. Nunca é demais lembrar o peso e o significado destes problemas, uma vez que a execução dos pontos do programa facilita a criação do remanejamento dos quadros funcionais. Gostaria de enfatizar que a percepção das dificuldades nos obriga à análise dos índices pretendidos.
                                            
                                                    No entanto, não podemos esquecer que a adoção de políticas descentralizadoras oferece uma interessante oportunidade para verificação dos paradigmas corporativos. O empenho em analisar o julgamento imparcial das eventualidades acarreta um processo de reformulação e modernização do impacto na agilidade decisória. A nível organizacional, o desafiador cenário globalizado representa uma abertura para a melhoria de todos os recursos funcionais envolvidos. Por conseguinte, o início da atividade geral de formação de atitudes prepara-nos para enfrentar situações atípicas decorrentes dos relacionamentos verticais entre as hierarquias.
                                            
                                                    Pensando mais a longo prazo, o fenômeno da Internet estende o alcance e a importância das condições inegavelmente apropriadas. Evidentemente, a hegemonia do ambiente político maximiza as possibilidades por conta do processo de comunicação como um todo. Ainda assim, existem dúvidas a respeito de como a expansão dos mercados mundiais talvez venha a ressaltar a relatividade do orçamento setorial.
                                            
                                                    Do mesmo modo, a consulta aos diversos militantes aponta para a melhoria dos níveis de motivação departamental. Acima de tudo, é fundamental ressaltar que a estrutura atual da organização afeta positivamente a correta previsão do retorno esperado a longo prazo. Neste sentido, o novo modelo estrutural aqui preconizado cumpre um papel essencial na formulação das posturas dos órgãos dirigentes com relação às suas atribuições.
                                            
                                                    É importante questionar o quanto a competitividade nas transações comerciais é uma das consequências de alternativas às soluções ortodoxas. Podemos já vislumbrar o modo pelo qual o surgimento do comércio virtual causa impacto indireto na reavaliação das formas de ação. O cuidado em identificar pontos críticos na necessidade de renovação processual não pode mais se dissociar dos procedimentos normalmente adotados. Desta maneira, a revolução dos costumes possibilita uma melhor visão global do sistema de formação de quadros que corresponde às necessidades.
                                                ",
                                                                  "category": "react",
                                                                  "commentCount": 2,
                                                                  "deleted": false,
                                                                  "id": "8xf0y6ziyjabvozdd253nd",
                                                                  "reactions": Array [
                                                                    Object {
                                                                      "name": "thingtwo",
                                                                      "option": "zumbi",
                                                                    },
                                                                    Object {
                                                                      "name": "jorge",
                                                                      "option": "zumbi",
                                                                    },
                                                                    Object {
                                                                      "name": "carlos",
                                                                      "option": "bravo",
                                                                    },
                                                                    Object {
                                                                      "name": "joao",
                                                                      "option": "careta",
                                                                    },
                                                                  ],
                                                                  "timestamp": 1538352601,
                                                                  "title": "Udacity is the best place to learn React",
                                                                  "votes": Array [
                                                                    Object {
                                                                      "name": "carlos",
                                                                      "option": "upVote",
                                                                      "value": 1,
                                                                    },
                                                                    Object {
                                                                      "name": "andre",
                                                                      "option": "upVote",
                                                                      "value": 1,
                                                                    },
                                                                  ],
                                                                }
                      }
/>,
                    <withRouter(Connect(CommentContainer))
                      postId="8xf0y6ziyjabvozdd253nd"
                      user={
                                            Object {
                                                                  "avatar": "udacity",
                                                                  "name": "Udacity",
                                                                }
                      }
/>,
                  ],
                },
                "ref": null,
                "rendered": Array [
                  Object {
                    "instance": null,
                    "key": undefined,
                    "nodeType": "class",
                    "props": Object {
                      "authUser": Object {
                        "avatar": "udacity",
                        "name": "Udacity",
                      },
                      "onDeletePost": [Function],
                      "onReactPost": [Function],
                      "onVoteComment": [Function],
                      "onVotePost": [Function],
                      "post": Object {
                        "author": "thingone",
                        "body": "Não obstante, a crescente influência da mídia garante a contribuição de um grupo importante na determinação das condições financeiras e administrativas exigidas. Por outro lado, o comprometimento entre as equipes pode nos levar a considerar a reestruturação das diretrizes de desenvolvimento para o futuro. Assim mesmo, o entendimento das metas propostas agrega valor ao estabelecimento do sistema de participação geral. No mundo atual, a constante divulgação das informações promove a alavancagem dos modos de operação convencionais.
        Percebemos, cada vez mais, que o acompanhamento das preferências de consumo obstaculiza a apreciação da importância da gestão inovadora da qual fazemos parte. Todavia, o desenvolvimento contínuo de distintas formas de atuação assume importantes posições no estabelecimento das direções preferenciais no sentido do progresso. Nunca é demais lembrar o peso e o significado destes problemas, uma vez que a execução dos pontos do programa facilita a criação do remanejamento dos quadros funcionais. Gostaria de enfatizar que a percepção das dificuldades nos obriga à análise dos índices pretendidos.

        No entanto, não podemos esquecer que a adoção de políticas descentralizadoras oferece uma interessante oportunidade para verificação dos paradigmas corporativos. O empenho em analisar o julgamento imparcial das eventualidades acarreta um processo de reformulação e modernização do impacto na agilidade decisória. A nível organizacional, o desafiador cenário globalizado representa uma abertura para a melhoria de todos os recursos funcionais envolvidos. Por conseguinte, o início da atividade geral de formação de atitudes prepara-nos para enfrentar situações atípicas decorrentes dos relacionamentos verticais entre as hierarquias.

        Pensando mais a longo prazo, o fenômeno da Internet estende o alcance e a importância das condições inegavelmente apropriadas. Evidentemente, a hegemonia do ambiente político maximiza as possibilidades por conta do processo de comunicação como um todo. Ainda assim, existem dúvidas a respeito de como a expansão dos mercados mundiais talvez venha a ressaltar a relatividade do orçamento setorial.

        Do mesmo modo, a consulta aos diversos militantes aponta para a melhoria dos níveis de motivação departamental. Acima de tudo, é fundamental ressaltar que a estrutura atual da organização afeta positivamente a correta previsão do retorno esperado a longo prazo. Neste sentido, o novo modelo estrutural aqui preconizado cumpre um papel essencial na formulação das posturas dos órgãos dirigentes com relação às suas atribuições.

        É importante questionar o quanto a competitividade nas transações comerciais é uma das consequências de alternativas às soluções ortodoxas. Podemos já vislumbrar o modo pelo qual o surgimento do comércio virtual causa impacto indireto na reavaliação das formas de ação. O cuidado em identificar pontos críticos na necessidade de renovação processual não pode mais se dissociar dos procedimentos normalmente adotados. Desta maneira, a revolução dos costumes possibilita uma melhor visão global do sistema de formação de quadros que corresponde às necessidades.
    ",
                        "category": "react",
                        "commentCount": 2,
                        "deleted": false,
                        "id": "8xf0y6ziyjabvozdd253nd",
                        "reactions": Array [
                          Object {
                            "name": "thingtwo",
                            "option": "zumbi",
                          },
                          Object {
                            "name": "jorge",
                            "option": "zumbi",
                          },
                          Object {
                            "name": "carlos",
                            "option": "bravo",
                          },
                          Object {
                            "name": "joao",
                            "option": "careta",
                          },
                        ],
                        "timestamp": 1538352601,
                        "title": "Udacity is the best place to learn React",
                        "votes": Array [
                          Object {
                            "name": "carlos",
                            "option": "upVote",
                            "value": 1,
                          },
                          Object {
                            "name": "andre",
                            "option": "upVote",
                            "value": 1,
                          },
                        ],
                      },
                    },
                    "ref": null,
                    "rendered": null,
                    "type": [Function],
                  },
                  Object {
                    "instance": null,
                    "key": undefined,
                    "nodeType": "function",
                    "props": Object {
                      "postId": "8xf0y6ziyjabvozdd253nd",
                      "user": Object {
                        "avatar": "udacity",
                        "name": "Udacity",
                      },
                    },
                    "ref": null,
                    "rendered": null,
                    "type": [Function],
                  },
                ],
                "type": Symbol(react.fragment),
              },
            ],
            "type": "div",
          },
          "type": "div",
        },
        Object {
          "instance": null,
          "key": undefined,
          "nodeType": "function",
          "props": Object {},
          "ref": null,
          "rendered": null,
          "type": [Function],
        },
        Object {
          "instance": null,
          "key": undefined,
          "nodeType": "function",
          "props": Object {
            "project": "Udacity - Leitura",
          },
          "ref": null,
          "rendered": null,
          "type": [Function],
        },
      ],
      "type": "div",
    },
  ],
  Symbol(enzyme.__options__): Object {
    "adapter": ReactSixteenAdapter {
      "options": Object {
        "enableComponentDidUpdateOnSetState": true,
        "lifecycles": Object {
          "componentDidUpdate": Object {
            "onSetState": true,
          },
          "getDerivedStateFromProps": true,
          "getSnapshotBeforeUpdate": true,
          "setState": Object {
            "skipsComponentDidUpdateOnNullish": true,
          },
        },
      },
    },
  },
}
`;
